maco@MacBookAir mydocs % echo "# mydocs" >> README.md

maco@MacBookAir mydocs % git init
Initialized empty Git repository in /Users/maco/Library/CloudStorage/OneDrive-個人用/mydocs/.git/
maco@MacBookAir mydocs % git add README.md

maco@MacBookAir mydocs % git commit -m "first commit"

[main (root-commit) d2fec59] first commit
 Committer: maco <maco@MacBookAir.local>
Your name and email address were configured automatically based
on your username and hostname. Please check that they are accurate.
You can suppress this message by setting them explicitly. Run the
following command and follow the instructions in your editor to edit
your configuration file:

    git config --global --edit

After doing this, you may fix the identity used for this commit with:

    git commit --amend --reset-author

 1 file changed, 1 insertion(+)
 create mode 100644 README.md
maco@MacBookAir mydocs % git branch -M main

maco@MacBookAir mydocs % git remote add origin git@github.com:skyeye111/mydocs.git

maco@MacBookAir mydocs % git push -u origin main
The authenticity of host 'github.com (20.27.177.113)' can't be established.
ED25519 key fingerprint is SHA256:+DiY3wvvV6TuJJhbpZisF/zLDA0zPMSvHdkr4UvCOqU.
This key is not known by any other names.
Are you sure you want to continue connecting (yes/no/[fingerprint])? yes
Warning: Permanently added 'github.com' (ED25519) to the list of known hosts.
git@github.com: Permission denied (publickey).
fatal: Could not read from remote repository.

Please make sure you have the correct access rights
and the repository exists.
maco@MacBookAir mydocs % ssh-keygen -t ed25519 -C "skyeye111@gmail.com"
Generating public/private ed25519 key pair.
Enter file in which to save the key (/Users/maco/.ssh/id_ed25519): 
Enter passphrase (empty for no passphrase): 
Enter same passphrase again: 
Your identification has been saved in /Users/maco/.ssh/id_ed25519
Your public key has been saved in /Users/maco/.ssh/id_ed25519.pub
The key fingerprint is:
SHA256:j10w1ITcz5tY8Z3OZ5a0qNAq4m2sVnVvnvR9M0GghTM skyeye111@gmail.com
The key's randomart image is:
+--[ED25519 256]--+
|         ..=o    |
|         .oEoo.  |
|          o =o.oo|
|         . =  ++o|
|        S o oo*oo|
|       . = o.=o*+|
|      o . = = oo+|
|     o.+ . . o +o|
|    oo+..       +|
+----[SHA256]-----+
maco@MacBookAir mydocs % ls
README.md
maco@MacBookAir mydocs % cat ~/.ssh/id_ed25519.pub 
ssh-ed25519 AAAAC3NzaC1lZDI1NTE5AAAAIDzATwLGij9bCgqTTttNa/ZeJbzGwkaTsRWu+NYIZdNp skyeye111@gmail.com
maco@MacBookAir mydocs % git push -u origin main                       
Enumerating objects: 3, done.
Counting objects: 100% (3/3), done.
Writing objects: 100% (3/3), 216 bytes | 216.00 KiB/s, done.
Total 3 (delta 0), reused 0 (delta 0), pack-reused 0
To github.com:skyeye111/mydocs.git
 * [new branch]      main -> main
branch 'main' set up to track 'origin/main'.
maco@MacBookAir mydocs % ls
README.md
maco@MacBookAir mydocs % git push -u origin main
branch 'main' set up to track 'origin/main'.
Everything up-to-date
maco@MacBookAir mydocs % ls
README.md	db2_memo.md
maco@MacBookAir mydocs % git add .
maco@MacBookAir mydocs % git push -u origin main
branch 'main' set up to track 'origin/main'.
Everything up-to-date
maco@MacBookAir mydocs % git status
On branch main
Your branch is up to date with 'origin/main'.

Changes to be committed:
  (use "git restore --staged <file>..." to unstage)
	new file:   db2_memo.md

maco@MacBookAir mydocs % git commit -m "db2 memo"
[main c379041] db2 memo
 Committer: maco <maco@MacBookAir.local>
Your name and email address were configured automatically based
on your username and hostname. Please check that they are accurate.
You can suppress this message by setting them explicitly. Run the
following command and follow the instructions in your editor to edit
your configuration file:

    git config --global --edit

After doing this, you may fix the identity used for this commit with:

    git commit --amend --reset-author

 1 file changed, 431 insertions(+)
 create mode 100755 db2_memo.md
maco@MacBookAir mydocs % git status
On branch main
Your branch is ahead of 'origin/main' by 1 commit.
  (use "git push" to publish your local commits)

nothing to commit, working tree clean
maco@MacBookAir mydocs % git push origin main

Enumerating objects: 4, done.
Counting objects: 100% (4/4), done.
Delta compression using up to 8 threads
Compressing objects: 100% (3/3), done.
Writing objects: 100% (3/3), 3.80 KiB | 3.80 MiB/s, done.
Total 3 (delta 0), reused 0 (delta 0), pack-reused 0
To github.com:skyeye111/mydocs.git
   d2fec59..c379041  main -> main

